// Jest Snapshot v1, https://goo.gl/fbAQLP

exports[`@modal resolver component checks * modal resolver component renders properly 1`] = `
<View
  style={
    Object {
      "height": 0,
      "position": "absolute",
      "width": 0,
    }
  }
>
  <View
    pointerEvents="none"
    style={
      Object {
        "bottom": 0,
        "left": 0,
        "position": "absolute",
        "right": 0,
        "top": 0,
      }
    }
  />
  <View
    onResponderRelease={[Function]}
    onStartShouldSetResponder={[Function]}
    onStartShouldSetResponderCapture={[Function]}
    pointerEvents="box-none"
    style={
      Object {
        "alignSelf": "flex-start",
      }
    }
    visible={true}
  >
    <View
      style={
        Array [
          undefined,
          undefined,
        ]
      }
    >
      <Text>
        Test1
      </Text>
    </View>
  </View>
</View>
`;

exports[`@modal resolver component checks * modal resolver component renders properly 2`] = `null`;
