// Jest Snapshot v1, https://goo.gl/fbAQLP

exports[`@avatar: matches snapshot * appearance * default 1`] = `
<Wrapper
  forwardedRef={null}
  source={
    Object {
      "uri": "https://akveo.github.io/eva-icons/fill/png/128/star.png",
    }
  }
/>
`;
